2026-05-05 17:32:42.303 INFO  [main] c.l.t.TliasWebManagementApplication - Starting TliasWebManagementApplication using Java 17.0.17 with PID 84036 (E:\aaaWS\vscode_ws\java_ws\Tlias_lcx\tlias-web-management\target\classes started by LCX in E:\aaaWS\vscode_ws\java_ws\Tlias_lcx)
2026-05-05 17:32:42.306 DEBUG [main] c.l.t.TliasWebManagementApplication - Running with Spring Boot v3.5.14, Spring v6.2.18
2026-05-05 17:32:42.307 INFO  [main] c.l.t.TliasWebManagementApplication - No active profile set, falling back to 1 default profile: "default"
2026-05-05 17:32:45.294 INFO  [main] o.s.b.w.e.tomcat.TomcatWebServer - Tomcat initialized with port 8080 (http)
2026-05-05 17:32:45.318 INFO  [main] o.a.coyote.http11.Http11NioProtocol - Initializing ProtocolHandler ["http-nio-8080"]
2026-05-05 17:32:45.323 INFO  [main] o.a.catalina.core.StandardService - Starting service [Tomcat]
2026-05-05 17:32:45.324 INFO  [main] o.a.catalina.core.StandardEngine - Starting Servlet engine: [Apache Tomcat/10.1.54]
2026-05-05 17:32:45.514 INFO  [main] o.a.c.c.C.[Tomcat].[localhost].[/] - Initializing Spring embedded WebApplicationContext
2026-05-05 17:32:45.514 INFO  [main] o.s.b.w.s.c.ServletWebServerApplicationContext - Root WebApplicationContext: initialization completed in 3119 ms
2026-05-05 17:32:46.370 INFO  [main] o.s.b.a.w.s.WelcomePageHandlerMapping - Adding welcome page: class path resource [static/index.html]
2026-05-05 17:32:47.750 INFO  [main] o.s.b.a.e.web.EndpointLinksResolver - Exposing 1 endpoint beneath base path '/actuator'
2026-05-05 17:32:47.855 INFO  [main] o.a.coyote.http11.Http11NioProtocol - Starting ProtocolHandler ["http-nio-8080"]
2026-05-05 17:32:47.926 INFO  [main] o.s.b.w.e.tomcat.TomcatWebServer - Tomcat started on port 8080 (http) with context path '/'
2026-05-05 17:32:47.955 INFO  [main] c.l.t.TliasWebManagementApplication - Started TliasWebManagementApplication in 6.287 seconds (process running for 8.331)
2026-05-05 17:32:49.902 INFO  [RMI TCP Connection(2)-127.0.0.1] o.a.c.c.C.[Tomcat].[localhost].[/] - Initializing Spring DispatcherServlet 'dispatcherServlet'
2026-05-05 17:32:49.904 INFO  [RMI TCP Connection(2)-127.0.0.1] o.s.web.servlet.DispatcherServlet - Initializing Servlet 'dispatcherServlet'
2026-05-05 17:32:49.906 INFO  [RMI TCP Connection(2)-127.0.0.1] o.s.web.servlet.DispatcherServlet - Completed initialization in 1 ms
2026-05-05 17:32:59.554 INFO  [http-nio-8080-exec-4] c.l.t.controller.DeptController - 查询全部部门数据
2026-05-05 17:32:59.584 INFO  [http-nio-8080-exec-4] com.zaxxer.hikari.HikariDataSource - HikariPool-1 - Starting...
2026-05-05 17:33:00.309 INFO  [http-nio-8080-exec-4] com.zaxxer.hikari.pool.HikariPool - HikariPool-1 - Added connection com.mysql.cj.jdbc.ConnectionImpl@7897855e
2026-05-05 17:33:00.319 INFO  [http-nio-8080-exec-4] com.zaxxer.hikari.HikariDataSource - HikariPool-1 - Start completed.
2026-05-05 17:33:00.337 DEBUG [http-nio-8080-exec-4] c.l.t.mapper.DeptMapper.findAll - ==>  Preparing: select id,name,create_time,update_time from dept order by update_time desc;
2026-05-05 17:33:00.382 DEBUG [http-nio-8080-exec-4] c.l.t.mapper.DeptMapper.findAll - ==> Parameters: 
2026-05-05 17:33:00.444 DEBUG [http-nio-8080-exec-4] c.l.t.mapper.DeptMapper.findAll - <==      Total: 5
2026-05-05 17:33:26.173 INFO  [http-nio-8080-exec-6] c.l.t.controller.DeptController - 查询全部部门数据
2026-05-05 17:33:26.176 DEBUG [http-nio-8080-exec-6] c.l.t.mapper.DeptMapper.findAll - ==>  Preparing: select id,name,create_time,update_time from dept order by update_time desc;
2026-05-05 17:33:26.178 DEBUG [http-nio-8080-exec-6] c.l.t.mapper.DeptMapper.findAll - ==> Parameters: 
2026-05-05 17:33:26.184 DEBUG [http-nio-8080-exec-6] c.l.t.mapper.DeptMapper.findAll - <==      Total: 5
2026-05-05 17:33:45.573 INFO  [SpringApplicationShutdownHook] o.s.b.w.e.tomcat.GracefulShutdown - Commencing graceful shutdown. Waiting for active requests to complete
2026-05-05 17:33:46.632 INFO  [tomcat-shutdown] o.s.b.w.e.tomcat.GracefulShutdown - Graceful shutdown complete
2026-05-05 17:33:46.639 INFO  [SpringApplicationShutdownHook] com.zaxxer.hikari.HikariDataSource - HikariPool-1 - Shutdown initiated...
2026-05-05 17:33:46.663 INFO  [SpringApplicationShutdownHook] com.zaxxer.hikari.HikariDataSource - HikariPool-1 - Shutdown completed.
2026-05-05 17:38:49.600 INFO  [main] c.l.t.TliasWebManagementApplication - Starting TliasWebManagementApplication using Java 17.0.17 with PID 87336 (E:\aaaWS\vscode_ws\java_ws\Tlias_lcx\tlias-web-management\target\classes started by LCX in E:\aaaWS\vscode_ws\java_ws\Tlias_lcx)
2026-05-05 17:38:49.707 DEBUG [main] c.l.t.TliasWebManagementApplication - Running with Spring Boot v3.5.14, Spring v6.2.18
2026-05-05 17:38:49.709 INFO  [main] c.l.t.TliasWebManagementApplication - No active profile set, falling back to 1 default profile: "default"
2026-05-05 17:38:52.192 INFO  [main] o.s.b.w.e.tomcat.TomcatWebServer - Tomcat initialized with port 8080 (http)
2026-05-05 17:38:52.218 INFO  [main] o.a.coyote.http11.Http11NioProtocol - Initializing ProtocolHandler ["http-nio-8080"]
2026-05-05 17:38:52.222 INFO  [main] o.a.catalina.core.StandardService - Starting service [Tomcat]
2026-05-05 17:38:52.223 INFO  [main] o.a.catalina.core.StandardEngine - Starting Servlet engine: [Apache Tomcat/10.1.54]
2026-05-05 17:38:52.431 INFO  [main] o.a.c.c.C.[Tomcat].[localhost].[/] - Initializing Spring embedded WebApplicationContext
2026-05-05 17:38:52.433 INFO  [main] o.s.b.w.s.c.ServletWebServerApplicationContext - Root WebApplicationContext: initialization completed in 2632 ms
2026-05-05 17:38:53.201 INFO  [main] o.s.b.a.w.s.WelcomePageHandlerMapping - Adding welcome page: class path resource [static/index.html]
2026-05-05 17:38:54.408 INFO  [main] o.s.b.a.e.web.EndpointLinksResolver - Exposing 1 endpoint beneath base path '/actuator'
2026-05-05 17:38:54.559 INFO  [main] o.a.coyote.http11.Http11NioProtocol - Starting ProtocolHandler ["http-nio-8080"]
2026-05-05 17:38:54.616 INFO  [main] o.s.b.w.e.tomcat.TomcatWebServer - Tomcat started on port 8080 (http) with context path '/'
2026-05-05 17:38:54.641 INFO  [main] c.l.t.TliasWebManagementApplication - Started TliasWebManagementApplication in 5.8 seconds (process running for 7.865)
2026-05-05 17:38:56.898 INFO  [RMI TCP Connection(2)-127.0.0.1] o.a.c.c.C.[Tomcat].[localhost].[/] - Initializing Spring DispatcherServlet 'dispatcherServlet'
2026-05-05 17:38:56.899 INFO  [RMI TCP Connection(2)-127.0.0.1] o.s.web.servlet.DispatcherServlet - Initializing Servlet 'dispatcherServlet'
2026-05-05 17:38:56.902 INFO  [RMI TCP Connection(2)-127.0.0.1] o.s.web.servlet.DispatcherServlet - Completed initialization in 1 ms
2026-05-05 17:39:05.349 INFO  [http-nio-8080-exec-1] c.l.t.controller.DeptController - 娣诲姞閮ㄩ棬鏁版嵁:Dept(id=null, name=132, createTime=null, updateTime=null)
2026-05-05 17:39:05.378 INFO  [http-nio-8080-exec-1] com.zaxxer.hikari.HikariDataSource - HikariPool-1 - Starting...
2026-05-05 17:39:05.942 INFO  [http-nio-8080-exec-1] com.zaxxer.hikari.pool.HikariPool - HikariPool-1 - Added connection com.mysql.cj.jdbc.ConnectionImpl@51488a1a
2026-05-05 17:39:05.948 INFO  [http-nio-8080-exec-1] com.zaxxer.hikari.HikariDataSource - HikariPool-1 - Start completed.
2026-05-05 17:39:05.960 DEBUG [http-nio-8080-exec-1] c.l.t.mapper.DeptMapper.add - ==>  Preparing: insert into dept(name,create_time,update_time) values(?,?,?);
2026-05-05 17:39:06.006 DEBUG [http-nio-8080-exec-1] c.l.t.mapper.DeptMapper.add - ==> Parameters: 132(String), 2026-05-05T17:39:05.353532500(LocalDateTime), 2026-05-05T17:39:05.353532500(LocalDateTime)
2026-05-05 17:39:06.033 DEBUG [http-nio-8080-exec-1] c.l.t.mapper.DeptMapper.add - <==    Updates: 1
2026-05-05 17:39:06.075 INFO  [http-nio-8080-exec-2] c.l.t.controller.DeptController - 鏌ヨ鍏ㄩ儴閮ㄩ棬鏁版嵁
2026-05-05 17:39:06.081 DEBUG [http-nio-8080-exec-2] c.l.t.mapper.DeptMapper.findAll - ==>  Preparing: select id,name,create_time,update_time from dept order by update_time desc;
2026-05-05 17:39:06.082 DEBUG [http-nio-8080-exec-2] c.l.t.mapper.DeptMapper.findAll - ==> Parameters: 
2026-05-05 17:39:06.137 DEBUG [http-nio-8080-exec-2] c.l.t.mapper.DeptMapper.findAll - <==      Total: 6
2026-05-05 17:39:09.562 INFO  [http-nio-8080-exec-3] c.l.t.controller.DeptController - 鏍规嵁id鍒犻櫎閮ㄩ棬鏁版嵁:10
2026-05-05 17:39:09.564 DEBUG [http-nio-8080-exec-3] c.l.t.mapper.DeptMapper.deleteById - ==>  Preparing: delete from dept where id=?;
2026-05-05 17:39:09.564 DEBUG [http-nio-8080-exec-3] c.l.t.mapper.DeptMapper.deleteById - ==> Parameters: 10(Integer)
2026-05-05 17:39:09.571 DEBUG [http-nio-8080-exec-3] c.l.t.mapper.DeptMapper.deleteById - <==    Updates: 1
2026-05-05 17:39:09.582 INFO  [http-nio-8080-exec-4] c.l.t.controller.DeptController - 鏌ヨ鍏ㄩ儴閮ㄩ棬鏁版嵁
2026-05-05 17:39:09.583 DEBUG [http-nio-8080-exec-4] c.l.t.mapper.DeptMapper.findAll - ==>  Preparing: select id,name,create_time,update_time from dept order by update_time desc;
2026-05-05 17:39:09.584 DEBUG [http-nio-8080-exec-4] c.l.t.mapper.DeptMapper.findAll - ==> Parameters: 
2026-05-05 17:39:09.589 DEBUG [http-nio-8080-exec-4] c.l.t.mapper.DeptMapper.findAll - <==      Total: 5
2026-05-05 17:39:27.492 INFO  [SpringApplicationShutdownHook] o.s.b.w.e.tomcat.GracefulShutdown - Commencing graceful shutdown. Waiting for active requests to complete
2026-05-05 17:39:28.622 INFO  [tomcat-shutdown] o.s.b.w.e.tomcat.GracefulShutdown - Graceful shutdown complete
2026-05-05 17:39:28.628 INFO  [SpringApplicationShutdownHook] com.zaxxer.hikari.HikariDataSource - HikariPool-1 - Shutdown initiated...
2026-05-05 17:39:28.638 INFO  [SpringApplicationShutdownHook] com.zaxxer.hikari.HikariDataSource - HikariPool-1 - Shutdown completed.
